dev server on 57897
manifest served: 91 entries; 226-ritch present: true
  entry: {"id":"226-ritch","file":"226-ritch.glb","anchor":[-122.3960899,37.7804376],"targetHeightM":18.1,"cat":2,"name":"226 Ritch Street","estimated":false,"dims":[25.0824,24.9244,18.1],"tris":5144,"loadRadius":2500}
DRILL: moved GLB aside
SF present: true
rAF frames in 3s: 200
placed: false
stats: {"entries":91,"far":6,"loading":0,"live":84,"fading":0,"failed":1}
log line: none
rig: {"yaw":134.00000000000003,"pitch":42,"dist":180,"pivot":{"x":3643.9135707476185,"y":5.376723257137667,"z":-1153.772303999551}}
drill stats: {"entries":91,"far":6,"loading":0,"live":84,"fading":0,"failed":1}
city alive: true
--- console (filtered) ---
  sf-muni: /api/muni unavailable (api 404) — no live buses
  sf-assets: goldenGateBridge south approach — deck joint 0.00 m horizontal / -1.12 m vertical, road joint 0.00 m / 0.00 m, ramp 121 m from 67.2 m deck to 68.3 m abutment
  sf-assets: goldenGateBridge north approach — deck joint 0.00 m horizontal / -2.20 m vertical, road joint 0.00 m / 0.00 m, ramp 225 m from 67.2 m deck to 69.5 m abutment
  sf-assets: golden-gate-bridge merged 1150 objects / 6 materials -> 2 (15832 tris body); span x0.9906 (uniform x0.9693), yaw -84.46°, towers 10.52 m off the OSM pair, tower top 226.0 m, deck top 67.2 m
  sf-assets: salesforce-tower merged 43 objects / 9 materials -> batched (10075 tris body); uniform x1.0000 at 3570, -2186
  sf-assets: ferry-building merged 497 objects / 11 materials -> batched (7810 tris body); uniform x1.0000 at 3883, -2821
  sf-assets: transamerica merged 83 objects / 7 materials -> batched (8840 tris body); uniform x1.0000 at 3055, -2782
  sf-assets: painted-ladies merged 448 objects / 16 materials -> batched (10460 tris body); uniform x1.0000 at 419, -688
  sf-assets: 362-brannan merged 15 objects / 11 materials -> batched (3023 tris body); uniform x1.0000 at 3850, -1199
  sf-assets: 380-brannan merged 13 objects / 11 materials -> batched (4496 tris body); uniform x1.0000 at 3826, -1175
  sf-assets: 375-alabama merged 14 objects / 12 materials -> batched (6514 tris body); uniform x1.0000 at 2257, 601
  sf-assets: 550-third merged 14 objects / 13 materials -> batched (3286 tris body); uniform x1.0000 at 3710, -1154
  sf-assets: 551-third merged 14 objects / 14 materials -> batched (5238 tris body); uniform x1.0000 at 3771, -1179
  sf-assets: chase-center merged 14 objects / 10 materials -> batched (5649 tris body); uniform x1.0000 at 4409, 235
  sf-assets: civic-center-courthouse merged 9 objects / 9 materials -> batched (2404 tris body); uniform x1.0000 at 1606, -1160
  sf-assets: bill-graham-civic-auditorium merged 10 objects / 10 materials -> batched (3908 tris body); uniform x1.0000 at 1775, -891
  sf-assets: herbst-theatre merged 9 objects / 9 materials -> batched (4616 tris body); uniform x1.0000 at 1451, -1059
  sf-assets: 505-van-ness merged 14 objects / 12 materials -> batched (9786 tris body); uniform x1.0000 at 1426, -1159
  sf-assets: davies-symphony-hall merged 16 objects / 11 materials -> batched (4584 tris body); uniform x1.0000 at 1487, -843
  sf-assets: 101-grove merged 13 objects / 13 materials -> batched (9695 tris body); uniform x1.0000 at 1657, -899
  sf-assets: asian-art-museum merged 11 objects / 11 materials -> batched (6873 tris body); uniform x1.0000 at 1893, -1137
  sf-assets: 350-brannan merged 12 objects / 10 materials -> batched (4139 tris body); uniform x1.0000 at 3870, -1218
  sf-assets: 171-south-park merged 12 objects / 12 materials -> batched (3085 tris body); uniform x1.0000 at 3782, -1205
  sf-assets: 101-south-park merged 12 objects / 11 materials -> batched (3686 tris body); uniform x1.0000 at 3849, -1245
  sf-assets: 155-south-park merged 17 objects / 13 materials -> batched (2156 tris body); uniform x1.0000 at 3808, -1205
  sf-assets: 135-south-park merged 11 objects / 9 materials -> batched (2113 tris body); uniform x1.0000 at 3826, -1227
  sf-assets: 165-south-park merged 9 objects / 8 materials -> batched (1017 tris body); uniform x1.0000 at 3795, -1200
  sf-assets: 370-brannan merged 12 objects / 10 materials -> batched (809 tris body); uniform x1.0000 at 3840, -1189
  sf-assets: 181-south-park merged 9 objects / 9 materials -> batched (3109 tris body); uniform x1.0000 at 3783, -1189
  sf-assets: 234-van-ness merged 22 objects / 18 materials -> batched (7196 tris body); uniform x1.0000 at 1601, -890
  sf-assets: 358-brannan merged 13 objects / 11 materials -> batched (2118 tris body); uniform x1.0000 at 3860, -1208
  sf-assets: sf-main-library merged 10 objects / 10 materials -> batched (5659 tris body); uniform x1.0000 at 1912, -1009
  sf-assets: 500-third merged 14 objects / 13 materials -> batched (10355 tris body); uniform x0.9999 at 3667, -1197
  sf-assets: 599-third merged 12 objects / 12 materials -> batched (5254 tris body); uniform x1.0000 at 3804, -1155
  sf-assets: earl-warren-building merged 9 objects / 9 materials -> batched (9422 tris body); uniform x1.0000 at 1730, -1181
  sf-assets: 574-third merged 12 objects / 10 materials -> batched (6148 tris body); uniform x1.0000 at 3735, -1127
  sf-assets: civic-center-plaza merged 25 objects / 19 materials -> batched (10551 tris body); uniform x1.0000 at 1750, -1049
  sf-assets: 590-third merged 14 objects / 11 materials -> batched (2962 tris body); uniform x1.0000 at 3768, -1115
  sf-assets: 592-third merged 11 objects / 9 materials -> batched (2145 tris body); uniform x1.0000 at 3768, -1115
  sf-assets: 400-brannan merged 11 objects / 9 materials -> batched (2287 tris body); uniform x1.0000 at 3768, -1116
DRILL: restored GLB